################################################################################
#                                                                              #
#      IAR Universal Linker V6.4.6.89                                          #
#                                                                              #
#           Link time     =  21/Nov/2019  18:44:31                             #
#           Target CPU    =  x51                                               #
#           List file     =  C:\WorkFolder\0.Product_all\0.HAG030_MS51_16K\MS5 #
#                            1_BSP\Final_Release\MS51_Series_BSP_IAR_V1.00.003 #
#                            \MS51DA9AE_MS51BA9AE\SampleCode\RegBased\ADC_Band #
#                            gap_VDD\IAR\Debug\List\TADC_Bandgap_VDD.map       #
#           Output file 1 =  C:\WorkFolder\0.Product_all\0.HAG030_MS51_16K\MS5 #
#                            1_BSP\Final_Release\MS51_Series_BSP_IAR_V1.00.003 #
#                            \MS51DA9AE_MS51BA9AE\SampleCode\RegBased\ADC_Band #
#                            gap_VDD\IAR\Debug\Exe\TADC_Bandgap_VDD.d51        #
#                            Format: ubrof10                                   #
#                            UBROF version 10.0.6                              #
#                            Using library modules for C-SPY (-rt)             #
#           Command line  =  -f                                                #
#                            C:\Users\lcwang0\AppData\Local\Temp\EWEC79.tmp    #
#                            (C:\WorkFolder\0.Product_all\0.HAG030_MS51_16K\MS #
#                            51_BSP\Final_Release\MS51_Series_BSP_IAR_V1.00.00 #
#                            3\MS51DA9AE_MS51BA9AE\SampleCode\RegBased\ADC_Ban #
#                            dgap_VDD\IAR\Debug\Obj\ADC_BG_VDD.r51             #
#                            C:\WorkFolder\0.Product_all\0.HAG030_MS51_16K\MS5 #
#                            1_BSP\Final_Release\MS51_Series_BSP_IAR_V1.00.003 #
#                            \MS51DA9AE_MS51BA9AE\SampleCode\RegBased\ADC_Band #
#                            gap_VDD\IAR\Debug\Obj\sys.r51                     #
#                            -e_small_write=_formatted_write                   #
#                            -e_medium_read=_formatted_read -o                 #
#                            C:\WorkFolder\0.Product_all\0.HAG030_MS51_16K\MS5 #
#                            1_BSP\Final_Release\MS51_Series_BSP_IAR_V1.00.003 #
#                            \MS51DA9AE_MS51BA9AE\SampleCode\RegBased\ADC_Band #
#                            gap_VDD\IAR\Debug\Exe\TADC_Bandgap_VDD.d51        #
#                            -l                                                #
#                            C:\WorkFolder\0.Product_all\0.HAG030_MS51_16K\MS5 #
#                            1_BSP\Final_Release\MS51_Series_BSP_IAR_V1.00.003 #
#                            \MS51DA9AE_MS51BA9AE\SampleCode\RegBased\ADC_Band #
#                            gap_VDD\IAR\Debug\List\TADC_Bandgap_VDD.map       #
#                            -xms -f                                           #
#                            "C:\Program Files (x86)\IAR Systems\Embedded Work #
#                            bench 8.0\8051\config\devices\NuvoTon\lnk51ew_MS5 #
#                            1_8K.xcl"                                         #
#                            (-D_IDATA0_START=0x00 -D_IDATA0_END=0xFF          #
#                            -D_PDATA0_START=0x0000 -D_PDATA0_END=0x00FF       #
#                            -D_IXDATA0_START=0x0001 -D_IXDATA0_END=0x03FF     #
#                            -D_XDATA0_START=0x0001 -D_XDATA0_END=0x03FF       #
#                            -D_CODE0_START=0x0000 -D_CODE0_END=0x1FFF         #
#                            -D?REGISTER_BANK=0x0 -D_REGISTER_BANK_START=0x0   #
#                            -D_BREG_START=0x00 -D?VB=0x20                     #
#                            -Z(BIT)BREG=_BREG_START -Z(BIT)BIT_N=0-7F         #
#                            -Z(DATA)REGISTERS+8=_REGISTER_BANK_START          #
#                            -Z(DATA)BDATA_Z,BDATA_N,BDATA_I=20-2F             #
#                            -Z(DATA)VREG=08-7F -Z(DATA)PSP,XSP=08-7F          #
#                            -Z(DATA)DOVERLAY=08-7F                            #
#                            -Z(DATA)DATA_I,DATA_Z,DATA_N=08-7F                #
#                            -U(IDATA)0-7F=(DATA)0-7F                          #
#                            -Z(IDATA)IDATA_I,IDATA_Z,IDATA_N=08-_IDATA0_END   #
#                            -Z(IDATA)ISTACK+_IDATA_STACK_SIZE#08-_IDATA0_END  #
#                            -Z(IDATA)IOVERLAY=08-FF -Z(CODE)INTVEC=0          #
#                            -Z(CODE)CSTART=_CODE0_START-_CODE0_END            #
#                            -Z(CODE)BIT_ID,BDATA_ID,DATA_ID,IDATA_ID,IXDATA_I #
#                            D,PDATA_ID,XDATA_ID=_CODE0_START-_CODE0_END       #
#                            -Z(CODE)HUGE_ID=_CODE0_START-_CODE0_END           #
#                            -Z(CODE)RCODE,DIFUNCT=_CODE0_START-_CODE0_END     #
#                            -P(CODE)CODE_C,CODE_N,NEAR_CODE=_CODE0_START-_COD #
#                            E0_END                                            #
#                            -Z(CODE)CHECKSUM#_CODE0_END                       #
#                            -Z(XDATA)PDATA_Z,PDATA_I=_PDATA0_START-_PDATA0_EN #
#                            D                                                 #
#                            -P(XDATA)PDATA_N=_PDATA0_START-_PDATA0_END        #
#                            -Z(XDATA)PSTACK+_PDATA_STACK_SIZE=_PDATA0_START-_ #
#                            PDATA0_END                                        #
#                            -Z(XDATA)EXT_STACK+_EXTENDED_STACK_SIZE=_EXTENDED #
#                            _STACK_START                                      #
#                            -Z(XDATA)XSTACK+_XDATA_STACK_SIZE=_XDATA0_START-_ #
#                            XDATA0_END                                        #
#                            -Z(XDATA)IXDATA_I,IXDATA_Z=_IXDATA0_START-_IXDATA #
#                            0_END                                             #
#                            -P(XDATA)IXDATA_N=_IXDATA0_START-_IXDATA0_END     #
#                            -Z(XDATA)XDATA_I,XDATA_Z=_XDATA0_START-_XDATA0_EN #
#                            D                                                 #
#                            -P(XDATA)XDATA_N=_XDATA0_START-_XDATA0_END        #
#                            -Z(XDATA)XDATA_HEAP+_XDATA_HEAP_SIZE=_XDATA0_STAR #
#                            T-_XDATA0_END                                     #
#                            -Z(CONST)XDATA_ROM_C=_XDATA0_START-_XDATA0_END    #
#                            -Z(CODE)FAR22_ID=[_CODE0_START-_CODE0_END]/10000  #
#                            -Z(CODE)FAR_ID=[_CODE0_START-_CODE0_END]/10000    #
#                            -cx51)                                            #
#                            "-IC:\Program Files (x86)\IAR Systems\Embedded Wo #
#                            rkbench 8.0\8051\CONFIG\"                         #
#                            -D?DPMASK=0x01 -D_NR_OF_VIRTUAL_REGISTERS=8       #
#                            -D?DPS=0xA2 -D?PBANK=0x91 -D?CBANK=0xF0           #
#                            -D?CBANK_MASK=0x30 -e?BCALL_30=?BCALL             #
#                            -e?BRET_30=?BRET -e?BDISPATCH_30=?BDISPATCH       #
#                            -D_CODEBANK_START=0x8000 -D_CODEBANK_END=0xFFFF   #
#                            -D_NR_OF_BANKS=0x03 -rt                           #
#                            "C:\Program Files (x86)\IAR Systems\Embedded Work #
#                            bench 8.0\8051\LIB\CLIB\cl-pli-nsic-2h16inc.r51"  #
#                            -D_IDATA_STACK_SIZE=0x40 -D?ESP=0 -D?ESP_MASK=0   #
#                            -D_EXTENDED_STACK_START=0                         #
#                            -D_EXTENDED_STACK_SIZE=0                          #
#                            -D_PDATA_STACK_SIZE=0x80                          #
#                            -D_XDATA_STACK_SIZE=0xEFF                         #
#                            -D_XDATA_HEAP_SIZE=0xFF -D_FAR_HEAP_SIZE=0xFFF    #
#                            -D_HUGE_HEAP_SIZE=0xFFF                           #
#                            -D_FAR22_HEAP_SIZE=0xFFF)                         #
#                                                                              #
#                           Copyright (C) 1987-2016 IAR Systems AB.            #
################################################################################





                ****************************************
                *                                      *
                *           CROSS REFERENCE            *
                *                                      *
                ****************************************

       Program entry at : CODE      0000002C  Relocatable, from module : CSTARTUP




                ****************************************
                *                                      *
                *            RUNTIME MODEL             *
                *                                      *
                ****************************************

  __SystemLibrary          = CLib
  __calling_convention     = idata_reentrant
  __code_model             = near
  __core                   = plain
  __data_model             = small
  __dptr_size              = 16
  __dptr_visibility        = shadowed
  __extended_stack         = disabled
  __location_for_constants = code
  __number_of_dptrs        = 2
  __register_banks         = *
  __rt_version             = 1

                ****************************************
                *                                      *
                *    AUTOMATIC SYMBOL REDIRECTIONS     *
                *                                      *
                ****************************************

                  There are no automatic symbol redirections.



                ****************************************
                *                                      *
                *              MODULE MAP              *
                *                                      *
                ****************************************


  DEFINED ABSOLUTE ENTRIES
    *************************************************************************

  DEFINED ABSOLUTE ENTRIES
  PROGRAM MODULE, NAME : ?ABS_ENTRY_MOD

Absolute parts
           ENTRY                   ADDRESS         REF BY
           =====                   =======         ======
           _FAR22_HEAP_SIZE        00000FFF 
           _HUGE_HEAP_SIZE         00000FFF 
           _FAR_HEAP_SIZE          00000FFF 
           _XDATA_HEAP_SIZE        000000FF 
           _XDATA_STACK_SIZE       00000EFF 
           _PDATA_STACK_SIZE       00000080 
           _EXTENDED_STACK_SIZE    00000000 
           _EXTENDED_STACK_START   00000000 
           ?ESP_MASK               00000000 
           ?ESP                    00000000 
           _IDATA_STACK_SIZE       00000040 
           _NR_OF_BANKS            00000003 
           _CODEBANK_END           0000FFFF 
           _CODEBANK_START         00008000 
           ?CBANK_MASK             00000030 
           ?CBANK                  000000F0 
           ?PBANK                  00000091 
           ?DPS                    000000A2        ?FUNC_ENTER_SP (?FUNC_ENTER_SP)
                                                   ?FUNC_LEAVE_SP (?FUNC_LEAVE_SP)
                                                   ?RESET_DPS (CSTARTUP)
           _NR_OF_VIRTUAL_REGISTERS
                                   00000008 
           ?DPMASK                 00000001        ?FUNC_ENTER_SP (?FUNC_ENTER_SP)
                                                   ?FUNC_LEAVE_SP (?FUNC_LEAVE_SP)
                                                   ?RESET_DPS (CSTARTUP)
           ?VB                     00000020        ?FUNC_ENTER_SP (?FUNC_ENTER_SP)
                                                   ?FUNC_LEAVE_SP (?FUNC_LEAVE_SP)
           _BREG_START             00000000 
           _REGISTER_BANK_START    00000000 
           ?REGISTER_BANK          00000000        Segment part 6 (CSTARTUP)
           _CODE0_END              00001FFF 
           _CODE0_START            00000000 
           _XDATA0_END             000003FF 
           _XDATA0_START           00000001 
           _IXDATA0_END            000003FF 
           _IXDATA0_START          00000001 
           _PDATA0_END             000000FF 
           _PDATA0_START           00000000 
           _IDATA0_END             000000FF 
           _IDATA0_START           00000000 
    *************************************************************************

  FILE NAME : C:\WorkFolder\0.Product_all\0.HAG030_MS51_16K\MS51_BSP\Final_Release\MS51_Series_BSP_IAR_V1.00.003\MS51DA9AE_MS51BA9AE\SampleCode\RegBased\ADC_Bandgap_VDD\IAR\Debug\Obj\ADC_BG_VDD.r51
  PROGRAM MODULE, NAME : ADC_BG_VDD

  SEGMENTS IN THE MODULE
  ======================
SFR_AN
  Relative segment, address: DATA 0000009F - 0000009F (0x1 bytes), align: 0
  Segment part 1. ROOT        Intra module refs:   READ_BANDGAP
           ENTRY                   ADDRESS         REF BY
           =====                   =======         ======
           CHPCON                  0000009F 
    -------------------------------------------------------------------------
SFR_AN
  Relative segment, address: DATA 000000A2 - 000000A2 (0x1 bytes), align: 0
  Segment part 2. ROOT        Intra module refs:   main
           ENTRY                   ADDRESS         REF BY
           =====                   =======         ======
           AUXR1                   000000A2 
    -------------------------------------------------------------------------
SFR_AN
  Relative segment, address: DATA 000000A4 - 000000A4 (0x1 bytes), align: 0
  Segment part 3. ROOT        Intra module refs:   READ_BANDGAP
           ENTRY                   ADDRESS         REF BY
           =====                   =======         ======
           IAPTRG                  000000A4 
    -------------------------------------------------------------------------
SFR_AN
  Relative segment, address: DATA 000000A6 - 000000A6 (0x1 bytes), align: 0
  Segment part 4. ROOT        Intra module refs:   READ_BANDGAP
           ENTRY                   ADDRESS         REF BY
           =====                   =======         ======
           IAPAL                   000000A6 
    -------------------------------------------------------------------------
SFR_AN
  Relative segment, address: DATA 000000A7 - 000000A7 (0x1 bytes), align: 0
  Segment part 5. ROOT        Intra module refs:   READ_BANDGAP
           ENTRY                   ADDRESS         REF BY
           =====                   =======         ======
           IAPAH                   000000A7 
    -------------------------------------------------------------------------
SFR_AN
  Relative segment, address: DATA 000000A8 - 000000A8 (0x1 bytes), align: 0
  Segment part 6. ROOT        Intra module refs:   READ_BANDGAP
           ENTRY                   ADDRESS         REF BY
           =====                   =======         ======
           _A_IE                   000000A8 
           LOCAL                   ADDRESS         
           =====                   =======         
           IE                      000000A8 
           IE_bit                  000000A8 
    -------------------------------------------------------------------------
SFR_AN
  Relative segment, address: DATA 000000AE - 000000AE (0x1 bytes), align: 0
  Segment part 7. ROOT        Intra module refs:   READ_BANDGAP
           ENTRY                   ADDRESS         REF BY
           =====                   =======         ======
           IAPFD                   000000AE 
    -------------------------------------------------------------------------
SFR_AN
  Relative segment, address: DATA 000000AF - 000000AF (0x1 bytes), align: 0
  Segment part 8. ROOT        Intra module refs:   READ_BANDGAP
           ENTRY                   ADDRESS         REF BY
           =====                   =======         ======
           IAPCN                   000000AF 
    -------------------------------------------------------------------------
SFR_AN
  Relative segment, address: DATA 000000C2 - 000000C2 (0x1 bytes), align: 0
  Segment part 9. ROOT        Intra module refs:   main
           ENTRY                   ADDRESS         REF BY
           =====                   =======         ======
           ADCRL                   000000C2 
    -------------------------------------------------------------------------
SFR_AN
  Relative segment, address: DATA 000000C3 - 000000C3 (0x1 bytes), align: 0
  Segment part 10. ROOT       Intra module refs:   main
           ENTRY                   ADDRESS         REF BY
           =====                   =======         ======
           ADCRH                   000000C3 
    -------------------------------------------------------------------------
SFR_AN
  Relative segment, address: DATA 000000C7 - 000000C7 (0x1 bytes), align: 0
  Segment part 11. ROOT       Intra module refs:   READ_BANDGAP
           ENTRY                   ADDRESS         REF BY
           =====                   =======         ======
           TA                      000000C7 
    -------------------------------------------------------------------------
SFR_AN
  Relative segment, address: DATA 000000E1 - 000000E1 (0x1 bytes), align: 0
  Segment part 12. ROOT       Intra module refs:   main
           ENTRY                   ADDRESS         REF BY
           =====                   =======         ======
           ADCCON1                 000000E1 
    -------------------------------------------------------------------------
SFR_AN
  Relative segment, address: DATA 000000E2 - 000000E2 (0x1 bytes), align: 0
  Segment part 13. ROOT       Intra module refs:   main
           ENTRY                   ADDRESS         REF BY
           =====                   =======         ======
           ADCCON2                 000000E2 
    -------------------------------------------------------------------------
SFR_AN
  Relative segment, address: DATA 000000E8 - 000000E8 (0x1 bytes), align: 0
  Segment part 14. ROOT       Intra module refs:   main
           ENTRY                   ADDRESS         REF BY
           =====                   =======         ======
           _A_ADCCON0              000000E8 
           LOCAL                   ADDRESS         
           =====                   =======         
           ADCCON0                 000000E8 
           ADCCON0_bit             000000E8 
    -------------------------------------------------------------------------
IDATA_Z
  Relative segment, address: IDATA 00000010 - 00000013 (0x4 bytes), align: 0
  Segment part 20.            Intra module refs:   READ_BANDGAP
                                                   main
           ENTRY                   ADDRESS         REF BY
           =====                   =======         ======
           Bandgap_Voltage         00000010 
    -------------------------------------------------------------------------
IDATA_Z
  Relative segment, address: IDATA 00000014 - 00000017 (0x4 bytes), align: 0
  Segment part 21.            Intra module refs:   main
           ENTRY                   ADDRESS         REF BY
           =====                   =======         ======
           VDD_Voltage             00000014 
    -------------------------------------------------------------------------
IDATA_Z
  Relative segment, address: IDATA 00000018 - 0000001B (0x4 bytes), align: 0
  Segment part 22.            Intra module refs:   READ_BANDGAP
           ENTRY                   ADDRESS         REF BY
           =====                   =======         ======
           Bandgap_Value           00000018 
    -------------------------------------------------------------------------
XDATA_Z
  Relative segment, address: XDATA 00000001 - 00000005 (0x5 bytes), align: 0
  Segment part 23.            Intra module refs:   main
           ENTRY                   ADDRESS         REF BY
           =====                   =======         ======
           ADCdataH                00000001 
    -------------------------------------------------------------------------
XDATA_Z
  Relative segment, address: XDATA 00000006 - 0000000A (0x5 bytes), align: 0
  Segment part 24.            Intra module refs:   main
           ENTRY                   ADDRESS         REF BY
           =====                   =======         ======
           ADCdataL                00000006 
    -------------------------------------------------------------------------
<CODE_C,NEAR_CODE> 1 (was NEAR_CODE)
  Relative segment, address: CODE 00000719 - 000007F8 (0xe0 bytes), align: 0
  Segment part 31.            Intra module refs:   main
           ENTRY                   ADDRESS         REF BY
           =====                   =======         ======
           READ_BANDGAP            00000719 
               ISTACK = 00000000 ( 0000000B )
    -------------------------------------------------------------------------
<CODE_C,NEAR_CODE> 1 (was NEAR_CODE)
  Relative segment, address: CODE 000007F9 - 000008A9 (0xb1 bytes), align: 0
  Segment part 32.
           ENTRY                   ADDRESS         REF BY
           =====                   =======         ======
           main                    000007F9        ?call_main (?cmain)
               calls direct
               ISTACK = 00000000 ( 00000001 )
    -------------------------------------------------------------------------
<CODE_C,NEAR_CODE> 1 (was CODE_C)
  Relative segment, address: CODE 000008AE - 000008B1 (0x4 bytes), align: 0
  Segment part 29.            Intra module refs:   READ_BANDGAP
           ENTRY                   ADDRESS         REF BY
           =====                   =======         ======
           __Constant_40400000     000008AE 
    -------------------------------------------------------------------------
<CODE_C,NEAR_CODE> 1 (was CODE_C)
  Relative segment, address: CODE 000008AA - 000008AD (0x4 bytes), align: 0
  Segment part 30.            Intra module refs:   READ_BANDGAP
           ENTRY                   ADDRESS         REF BY
           =====                   =======         ======
           __Constant_40800000     000008AA 

    *************************************************************************

  FILE NAME : C:\WorkFolder\0.Product_all\0.HAG030_MS51_16K\MS51_BSP\Final_Release\MS51_Series_BSP_IAR_V1.00.003\MS51DA9AE_MS51BA9AE\SampleCode\RegBased\ADC_Bandgap_VDD\IAR\Debug\Obj\sys.r51
  PROGRAM MODULE, NAME : sys

  SEGMENTS IN THE MODULE
  ======================
SFR_AN
  Relative segment, address: DATA 00000084 - 00000084 (0x1 bytes), align: 0
  Segment part 1. ROOT 
           ENTRY                   ADDRESS         REF BY
           =====                   =======         ======
           RCTRIM0                 00000084 
    -------------------------------------------------------------------------
SFR_AN
  Relative segment, address: DATA 00000085 - 00000085 (0x1 bytes), align: 0
  Segment part 2. ROOT 
           ENTRY                   ADDRESS         REF BY
           =====                   =======         ======
           RCTRIM1                 00000085 
    -------------------------------------------------------------------------
SFR_AN
  Relative segment, address: DATA 00000087 - 00000087 (0x1 bytes), align: 0
  Segment part 3. ROOT 
           ENTRY                   ADDRESS         REF BY
           =====                   =======         ======
           PCON                    00000087 
    -------------------------------------------------------------------------
IDATA_Z
  Relative segment, address: IDATA 0000001C - 0000001C (0x1 bytes), align: 0
  Segment part 17.
           ENTRY                   ADDRESS         REF BY
           =====                   =======         ======
           BIT_TMP                 0000001C        READ_BANDGAP (ADC_BG_VDD)

    *************************************************************************

  FILE NAME : C:\Program Files (x86)\IAR Systems\Embedded Workbench 8.0\8051\LIB\CLIB\cl-pli-nsic-2h16inc.r51
  LIBRARY MODULE, NAME : ?cexit

  SEGMENTS IN THE MODULE
  ======================
CSTART
  Relative segment, address: CODE 00000003 - 00000007 (0x5 bytes), align: 0
  Segment part 0.
           ENTRY                   ADDRESS         REF BY
           =====                   =======         ======
           exit                    00000003        ?call_main (?cmain)
           ?C_EXIT                 00000003 
           ?ROM_MONITOR_NOPS       00000003 

    -------------------------------------------------------------------------
  LIBRARY MODULE, NAME : ?cmain

  SEGMENTS IN THE MODULE
  ======================
CSTART
  Relative segment, address: CODE 00000008, align: 0
  Segment part 5.
           ENTRY                   ADDRESS         REF BY
           =====                   =======         ======
           ?cmain                  00000008        Segment part 14 (CSTARTUP)
               calls direct
    -------------------------------------------------------------------------
CSTART
  Relative segment, address: CODE 00000008 - 00000015 (0xe bytes), align: 0
  Segment part 12.
           ENTRY                   ADDRESS         REF BY
           =====                   =======         ======
           __INIT_IDATA_Z          00000008        BIT_TMP (sys)
                                                   Bandgap_Value (ADC_BG_VDD)
                                                   Bandgap_Voltage (ADC_BG_VDD)
                                                   VDD_Voltage (ADC_BG_VDD)
    -------------------------------------------------------------------------
CSTART
  Relative segment, address: CODE 00000016 - 00000025 (0x10 bytes), align: 0
  Segment part 16.
           ENTRY                   ADDRESS         REF BY
           =====                   =======         ======
           __INIT_XDATA_Z          00000016        ADCdataH (ADC_BG_VDD)
                                                   ADCdataL (ADC_BG_VDD)
    -------------------------------------------------------------------------
CSTART
  Relative segment, address: CODE 00000026 - 0000002B (0x6 bytes), align: 0
  Segment part 38.            Intra module refs:   ?cmain
           ENTRY                   ADDRESS         REF BY
           =====                   =======         ======
           ?call_main              00000026 

    -------------------------------------------------------------------------
  LIBRARY MODULE, NAME : CSTARTUP

  SEGMENTS IN THE MODULE
  ======================
REGISTERS
  Relative segment, address: DATA 00000000, align: 0
  Segment part 0.             Intra module refs:   Segment part 6
           ENTRY                   ADDRESS         REF BY
           =====                   =======         ======
           ?REGISTERS              00000000 
    -------------------------------------------------------------------------
ISTACK
  Relative segment, address: IDATA 000000C0, align: 0
  Segment part 1.             Intra module refs:   Segment part 6
           ENTRY                   ADDRESS         REF BY
           =====                   =======         ======
           ?ISTACK_START           000000C0 
    -------------------------------------------------------------------------
INTVEC
  Common segment, address: CODE 00000000 - 00000002 (0x3 bytes), align: 0
  Segment part 5. ROOT        Intra module refs:   Segment part 6
    -------------------------------------------------------------------------
CSTART
  Relative segment, address: CODE 0000002C - 00000031 (0x6 bytes), align: 0
  Segment part 6. ROOT        Intra module refs:   Segment part 5
           ENTRY                   ADDRESS         REF BY
           =====                   =======         ======
           __program_start         0000002C 
           ?RESET_SP               0000002F 
    -------------------------------------------------------------------------
CSTART
  Relative segment, address: CODE 00000032 - 00000034 (0x3 bytes), align: 0
  Segment part 12.            Intra module refs:   Absolute parts
           ENTRY                   ADDRESS         REF BY
           =====                   =======         ======
           ?RESET_DPS              00000032 
    -------------------------------------------------------------------------
CSTART
  Relative segment, address: CODE 00000035 - 00000037 (0x3 bytes), align: 0
  Segment part 14.            Intra module refs:   Absolute parts

    -------------------------------------------------------------------------
  LIBRARY MODULE, NAME : VIRTUAL_REGISTERS

  SEGMENTS IN THE MODULE
  ======================
BREG
  Relative segment, address: BIT 00000020.0 - 00000020.7 (0x8 bits), align: 0
  Segment part 0.
           ENTRY                   ADDRESS         REF BY
           =====                   =======         ======
           ?B0                     00000020.0      Absolute parts (CSTARTUP)
    -------------------------------------------------------------------------
VREG
  Relative segment, address: DATA 00000008 - 00000008 (0x1 bytes), align: 0
  Segment part 1.             Intra module refs:   ?V1
           ENTRY                   ADDRESS         REF BY
           =====                   =======         ======
           ?V0                     00000008        ?FUNC_ENTER_SP (?FUNC_ENTER_SP)
                                                   ?FUNC_LEAVE_SP (?FUNC_LEAVE_SP)
                                                   READ_BANDGAP (ADC_BG_VDD)
                                                   main (ADC_BG_VDD)
    -------------------------------------------------------------------------
VREG
  Relative segment, address: DATA 00000009 - 00000009 (0x1 bytes), align: 0
  Segment part 2.             Intra module refs:   ?V2
           ENTRY                   ADDRESS         REF BY
           =====                   =======         ======
           ?V1                     00000009        READ_BANDGAP (ADC_BG_VDD)
                                                   main (ADC_BG_VDD)
    -------------------------------------------------------------------------
VREG
  Relative segment, address: DATA 0000000A - 0000000A (0x1 bytes), align: 0
  Segment part 3.             Intra module refs:   ?V3
           ENTRY                   ADDRESS         REF BY
           =====                   =======         ======
           ?V2                     0000000A        READ_BANDGAP (ADC_BG_VDD)
                                                   main (ADC_BG_VDD)
    -------------------------------------------------------------------------
VREG
  Relative segment, address: DATA 0000000B - 0000000B (0x1 bytes), align: 0
  Segment part 4.             Intra module refs:   ?V4
           ENTRY                   ADDRESS         REF BY
           =====                   =======         ======
           ?V3                     0000000B        READ_BANDGAP (ADC_BG_VDD)
                                                   main (ADC_BG_VDD)
    -------------------------------------------------------------------------
VREG
  Relative segment, address: DATA 0000000C - 0000000C (0x1 bytes), align: 0
  Segment part 5.             Intra module refs:   ?V5
           ENTRY                   ADDRESS         REF BY
           =====                   =======         ======
           ?V4                     0000000C        READ_BANDGAP (ADC_BG_VDD)
                                                   main (ADC_BG_VDD)
    -------------------------------------------------------------------------
VREG
  Relative segment, address: DATA 0000000D - 0000000D (0x1 bytes), align: 0
  Segment part 6.             Intra module refs:   ?V6
           ENTRY                   ADDRESS         REF BY
           =====                   =======         ======
           ?V5                     0000000D        READ_BANDGAP (ADC_BG_VDD)
                                                   main (ADC_BG_VDD)
    -------------------------------------------------------------------------
VREG
  Relative segment, address: DATA 0000000E - 0000000E (0x1 bytes), align: 0
  Segment part 7.             Intra module refs:   ?V7
           ENTRY                   ADDRESS         REF BY
           =====                   =======         ======
           ?V6                     0000000E        READ_BANDGAP (ADC_BG_VDD)
                                                   main (ADC_BG_VDD)
    -------------------------------------------------------------------------
VREG
  Relative segment, address: DATA 0000000F - 0000000F (0x1 bytes), align: 0
  Segment part 8.
           ENTRY                   ADDRESS         REF BY
           =====                   =======         ======
           ?V7                     0000000F        READ_BANDGAP (ADC_BG_VDD)
                                                   main (ADC_BG_VDD)

    -------------------------------------------------------------------------
  LIBRARY MODULE, NAME : ?L_TO_FLT

  SEGMENTS IN THE MODULE
  ======================
RCODE
  Relative segment, address: CODE 00000038 - 0000003A (0x3 bytes), align: 0
  Segment part 0.
           ENTRY                   ADDRESS         REF BY
           =====                   =======         ======
           ?L_TO_FLT               00000038        READ_BANDGAP (ADC_BG_VDD)
                                                   main (ADC_BG_VDD)
    -------------------------------------------------------------------------
RCODE
  Relative segment, address: CODE 0000003B - 0000004F (0x15 bytes), align: 0
  Segment part 1.             Intra module refs:   ?L_TO_FLT
           ENTRY                   ADDRESS         REF BY
           =====                   =======         ======
           ?L_TO_FLT_REW           0000003B 
    -------------------------------------------------------------------------
RCODE
  Relative segment, address: CODE 00000050 - 00000052 (0x3 bytes), align: 0
  Segment part 2.             Intra module refs:   ?L_TO_FLT_REW
           ENTRY                   ADDRESS         REF BY
           =====                   =======         ======
           ?UL_TO_FLT_REW          00000050 
    -------------------------------------------------------------------------
RCODE
  Relative segment, address: CODE 00000053 - 000000AF (0x5d bytes), align: 0
  Segment part 3.             Intra module refs:   ?L_TO_FLT_REW
                                                   ?UL_TO_FLT_REW
           ENTRY                   ADDRESS         REF BY
           =====                   =======         ======
           ?UL_TO_FLT              00000053        main (ADC_BG_VDD)

    -------------------------------------------------------------------------
  LIBRARY MODULE, NAME : ?FLT_TEST_ZERO

  SEGMENTS IN THE MODULE
  ======================
RCODE
  Relative segment, address: CODE 000000B0 - 000000B8 (0x9 bytes), align: 0
  Segment part 1.
           ENTRY                   ADDRESS         REF BY
           =====                   =======         ======
           ?FLT_TEST_ZERO_REW      000000B0        ?FLT_ADD (?FLT_ADD)
                                                   ?FLT_DIV (?FLT_DIV)
                                                   ?FLT_MUL (?FLT_MUL)

    -------------------------------------------------------------------------
  LIBRARY MODULE, NAME : ?FLT_TEST_ZERO_R1

  SEGMENTS IN THE MODULE
  ======================
RCODE
  Relative segment, address: CODE 000000B9 - 000000C1 (0x9 bytes), align: 0
  Segment part 1.
           ENTRY                   ADDRESS         REF BY
           =====                   =======         ======
           ?FLT_TEST_ZERO_R1_REW   000000B9        ?FLT_ADD (?FLT_ADD)
                                                   ?FLT_DIV (?FLT_DIV)
                                                   ?FLT_MUL (?FLT_MUL)

    -------------------------------------------------------------------------
  LIBRARY MODULE, NAME : ?FLT_TEST_INF

  SEGMENTS IN THE MODULE
  ======================
RCODE
  Relative segment, address: CODE 000000C2 - 000000C4 (0x3 bytes), align: 0
  Segment part 0.
           ENTRY                   ADDRESS         REF BY
           =====                   =======         ======
           ?FLT_TEST_INF_REW       000000C2        ?FLT_ADD (?FLT_ADD)
                                                   ?FLT_MUL (?FLT_MUL)
    -------------------------------------------------------------------------
RCODE
  Relative segment, address: CODE 000000C5 - 000000D5 (0x11 bytes), align: 0
  Segment part 1.             Intra module refs:   ?FLT_TEST_INF_REW
           ENTRY                   ADDRESS         REF BY
           =====                   =======         ======
           ?FLT_TEST_INF           000000C5        ?FLT_DIV (?FLT_DIV)

    -------------------------------------------------------------------------
  LIBRARY MODULE, NAME : ?FLT_TEST_INF_R1

  SEGMENTS IN THE MODULE
  ======================
RCODE
  Relative segment, address: CODE 000000D6 - 000000D8 (0x3 bytes), align: 0
  Segment part 0.
           ENTRY                   ADDRESS         REF BY
           =====                   =======         ======
           ?FLT_TEST_INF_R1_REW    000000D6        ?FLT_ADD (?FLT_ADD)
                                                   ?FLT_MUL (?FLT_MUL)
    -------------------------------------------------------------------------
RCODE
  Relative segment, address: CODE 000000D9 - 000000E9 (0x11 bytes), align: 0
  Segment part 1.             Intra module refs:   ?FLT_TEST_INF_R1_REW
           ENTRY                   ADDRESS         REF BY
           =====                   =======         ======
           ?FLT_TEST_INF_R1        000000D9        ?FLT_DIV (?FLT_DIV)

    -------------------------------------------------------------------------
  LIBRARY MODULE, NAME : ?FLT_TEST_NAN

  SEGMENTS IN THE MODULE
  ======================
RCODE
  Relative segment, address: CODE 000000EA - 000000F8 (0xf bytes), align: 0
  Segment part 1.
           ENTRY                   ADDRESS         REF BY
           =====                   =======         ======
           ?FLT_TEST_NAN           000000EA        ?FLT_ADD (?FLT_ADD)
                                                   ?FLT_DIV (?FLT_DIV)
                                                   ?FLT_MUL (?FLT_MUL)

    -------------------------------------------------------------------------
  LIBRARY MODULE, NAME : ?FLT_TEST_NAN_R1

  SEGMENTS IN THE MODULE
  ======================
RCODE
  Relative segment, address: CODE 000000F9 - 00000107 (0xf bytes), align: 0
  Segment part 1.
           ENTRY                   ADDRESS         REF BY
           =====                   =======         ======
           ?FLT_TEST_NAN_R1        000000F9        ?FLT_ADD (?FLT_ADD)
                                                   ?FLT_DIV (?FLT_DIV)
                                                   ?FLT_MUL (?FLT_MUL)

    -------------------------------------------------------------------------
  LIBRARY MODULE, NAME : ?FLT_MUL

  SEGMENTS IN THE MODULE
  ======================
RCODE
  Relative segment, address: CODE 00000108 - 00000287 (0x180 bytes), align: 0
  Segment part 1.
           ENTRY                   ADDRESS         REF BY
           =====                   =======         ======
           ?FLT_MUL                00000108        READ_BANDGAP (ADC_BG_VDD)
                                                   main (ADC_BG_VDD)

    -------------------------------------------------------------------------
  LIBRARY MODULE, NAME : ?FLT_ADD

  SEGMENTS IN THE MODULE
  ======================
RCODE
  Relative segment, address: CODE 00000288 - 000004A1 (0x21a bytes), align: 0
  Segment part 3.
           ENTRY                   ADDRESS         REF BY
           =====                   =======         ======
           ?FLT_ADD                00000288        main (ADC_BG_VDD)

    -------------------------------------------------------------------------
  LIBRARY MODULE, NAME : ?FLT_DIV

  SEGMENTS IN THE MODULE
  ======================
RCODE
  Relative segment, address: CODE 000004A2 - 00000687 (0x1e6 bytes), align: 0
  Segment part 1.
           ENTRY                   ADDRESS         REF BY
           =====                   =======         ======
           ?FLT_DIV                000004A2        READ_BANDGAP (ADC_BG_VDD)
                                                   main (ADC_BG_VDD)

    -------------------------------------------------------------------------
  LIBRARY MODULE, NAME : ?L_NEG

  SEGMENTS IN THE MODULE
  ======================
RCODE
  Relative segment, address: CODE 00000688 - 0000068A (0x3 bytes), align: 0
  Segment part 0.
           ENTRY                   ADDRESS         REF BY
           =====                   =======         ======
           ?L_NEG_REW              00000688        ?L_TO_FLT_REW (?L_TO_FLT)
    -------------------------------------------------------------------------
RCODE
  Relative segment, address: CODE 0000068B - 0000069B (0x11 bytes), align: 0
  Segment part 1.             Intra module refs:   ?L_NEG_REW
           ENTRY                   ADDRESS         REF BY
           =====                   =======         ======
           ?L_NEG                  0000068B 

    -------------------------------------------------------------------------
  LIBRARY MODULE, NAME : ?L_MOV

  SEGMENTS IN THE MODULE
  ======================
RCODE
  Relative segment, address: CODE 0000069C - 000006AA (0xf bytes), align: 0
  Segment part 0.
           ENTRY                   ADDRESS         REF BY
           =====                   =======         ======
           ?L_MOV                  0000069C        READ_BANDGAP (ADC_BG_VDD)
                                                   main (ADC_BG_VDD)

    -------------------------------------------------------------------------
  LIBRARY MODULE, NAME : ?L_MOV_A

  SEGMENTS IN THE MODULE
  ======================
RCODE
  Relative segment, address: CODE 000006AB - 000006BF (0x15 bytes), align: 0
  Segment part 0.
           ENTRY                   ADDRESS         REF BY
           =====                   =======         ======
           ?L_MOV_A                000006AB        READ_BANDGAP (ADC_BG_VDD)
                                                   main (ADC_BG_VDD)

    -------------------------------------------------------------------------
  LIBRARY MODULE, NAME : ?L_MOV_C

  SEGMENTS IN THE MODULE
  ======================
RCODE
  Relative segment, address: CODE 000006C0 - 000006D2 (0x13 bytes), align: 0
  Segment part 0.
           ENTRY                   ADDRESS         REF BY
           =====                   =======         ======
           ?L_MOV_C                000006C0        READ_BANDGAP (ADC_BG_VDD)

    -------------------------------------------------------------------------
  LIBRARY MODULE, NAME : ?S_SHL

  SEGMENTS IN THE MODULE
  ======================
RCODE
  Relative segment, address: CODE 000006D3 - 000006D5 (0x3 bytes), align: 0
  Segment part 0.
           ENTRY                   ADDRESS         REF BY
           =====                   =======         ======
           ?S_SHL                  000006D3        READ_BANDGAP (ADC_BG_VDD)
                                                   main (ADC_BG_VDD)
    -------------------------------------------------------------------------
RCODE
  Relative segment, address: CODE 000006D6 - 000006D8 (0x3 bytes), align: 0
  Segment part 1.             Intra module refs:   Segment part 2
           ENTRY                   ADDRESS         REF BY
           =====                   =======         ======
           ?S_SHL_REW              000006D6 
    -------------------------------------------------------------------------
RCODE
  Relative segment, address: CODE 000006D9 - 000006E5 (0xd bytes), align: 0
  Segment part 2.             Intra module refs:   ?S_SHL
                                                   ?S_SHL_REW

    -------------------------------------------------------------------------
  LIBRARY MODULE, NAME : ?FUNC_ENTER_SP

  SEGMENTS IN THE MODULE
  ======================
RCODE
  Relative segment, address: CODE 000006E6 - 000006FE (0x19 bytes), align: 0
  Segment part 0.
           ENTRY                   ADDRESS         REF BY
           =====                   =======         ======
           ?FUNC_ENTER_SP          000006E6        READ_BANDGAP (ADC_BG_VDD)

    -------------------------------------------------------------------------
  LIBRARY MODULE, NAME : ?FUNC_LEAVE_SP

  SEGMENTS IN THE MODULE
  ======================
RCODE
  Relative segment, address: CODE 000006FF - 00000718 (0x1a bytes), align: 0
  Segment part 0.
           ENTRY                   ADDRESS         REF BY
           =====                   =======         ======
           ?FUNC_LEAVE_SP          000006FF        READ_BANDGAP (ADC_BG_VDD)




                ****************************************
                *                                      *
                *      SEGMENTS IN ADDRESS ORDER       *
                *                                      *
                ****************************************


SEGMENT              SPACE    START ADDRESS   END ADDRESS     SIZE  TYPE  ALIGN
=======              =====    =============   ===========     ====  ====  =====
INTVEC               CODE          00000000 - 00000002           3   com    0
CSTART               CODE          00000003 - 00000037          35   rel    0
RCODE                CODE          00000038 - 00000718         6E1   rel    0
<CODE_C,NEAR_CODE> 1
                     CODE          00000719 - 000008B1         199   rel    0
REGISTERS            DATA          00000000 - 00000007           8   rel    0
VREG                 DATA          00000008 - 0000000F           8   rel    0
BREG                 BIT        00000020.0  -  00000020.7        8   rel    0
SFR_AN               DATA          00000084 - 00000085           2   rel    0
                     DATA          00000087 - 00000087           1 
                     DATA          0000009F - 0000009F           1 
                     DATA          000000A2 - 000000A2           1 
                     DATA          000000A4 - 000000A4           1 
                     DATA          000000A6 - 000000A8           3 
                     DATA          000000AE - 000000AF           2 
                     DATA          000000C2 - 000000C3           2 
                     DATA          000000C7 - 000000C7           1 
                     DATA          000000E1 - 000000E2           2 
                     DATA          000000E8 - 000000E8           1 
XDATA_I              XDATA              00000001                     dse    0
XDATA_Z              XDATA         00000001 - 0000000A           A   rel    0
IDATA_I              IDATA              00000010                     dse    0
IDATA_Z              IDATA         00000010 - 0000001C           D   rel    0
ISTACK               IDATA         000000C0 - 000000FF          40   rel    0

                ****************************************
                *                                      *
                *        END OF CROSS REFERENCE        *
                *                                      *
                ****************************************

 2 226 bytes of CODE  memory
    16 bytes of DATA  memory (+ 17 absolute )
    10 bytes of XDATA memory
    77 bytes of IDATA memory
     8 bits  of BIT   memory

Errors: none
Warnings: none

